"Restarting SciDB with perf-wait-timing enabled"
"SciDB restarted."
Query was executed successfully

Query was executed successfully

Query was executed successfully

[Query was executed successfully, ignoring data output by this query.]

[Query was executed successfully, ignoring data output by this query.]

Query was executed successfully

Query was executed successfully

"Restarting SciDB with original config.ini"
"SciDB restarted."
