UL: (0, 0)
LR: (14, 14)
---- ---- ---- ----   40   13   89   58   96  107  109 ---- ----   45 ----
---- ----    0 ---- ----   46   63 ---- ---- ----   92 ---- ---- ----   65
---- ----  122   51 ----   77 ----    8 ----   15  115 ---- ----   97   50
  14   62   79 ----  100  102 ---- ----  112   78  123   70 ----   93   11
  94 ----  118 ---- ---- ----   20   39 ---- ----   10   76   24 ----   28
  43 ---- ----  120   99 ---- ----   33 ----   36   32  119   23   75 ----
  17  106 ----  113    1 ----   26   87   95   37   30  101 ---- ----  110
  19 ----   74   66   72   64   88   90  103   69  116 ----   83  105  111
  68   27 ---- ----   22   48 ----   25    5   21   47   71   91   57 ----
----   55  121   85 ----   53    6 ----   52 ---- ---- ----  108 ---- ----
  86 ---- ---- ---- ---- ---- ----   56 ----   29   31   38   80 ----   54
---- ---- ----   18   61 ---- ----    9   81 ----   60 ---- ---- ----    4
---- ---- ---- ---- ----   41 ----    3   59 ----   84   73   12   35 ----
  42 ---- ----  117   49 ---- ---- ----  104 ---- ---- ---- ---- ---- ----
   7   34 ---- ----   67   98 ---- ----   44   16  124  114   82    2 ----
