UL: (5, 5)
LR: (22, 13)
---- ----   40   14   55 ---- ----   43 ----
----    0 ----   44 ---- ---- ---- ----   63
---- ---- ----   60    8   16 ---- ---- ----
  15   50 ----   73   35   74 ---- ----   48
----   75 ---- ---- ---- ----   67 ----   11
---- ---- ----   20   39 ----   10   24   29
---- ---- ---- ----   34   36   33   23 ----
  42 ----    1   26 ----   37   61 ---- ----
  18 ----   49   72   59   66   31 ---- ----
  76   71   69   62   68    5 ---- ----   54
  27 ----   22   46   25   21   45 ---- ----
  52   56 ----   28    6 ---- ---- ---- ----
---- ---- ---- ----   53   30   38   77   51
---- ----   19 ----   78 ----   32 ----    4
---- ---- ---- ----    9 ----   58   13 ----
---- ---- ----   41    3   57   70 ---- ----
  12 ----   47 ---- ---- ---- ---- ----    2
   7 ----   64 ---- ----   17 ----   79   65
