Query was executed successfully

Query was executed successfully

Query was executed successfully

Query was executed successfully

[An error expected at this place for the query "insert(flatten(build(AR, i)), AR)". And it failed with error code = scidb::SCIDB_SE_INFER_SCHEMA::SCIDB_LE_DATAFRAMES_NOT_SUPPORTED. Expected error code = scidb::SCIDB_SE_INFER_SCHEMA::SCIDB_LE_DATAFRAMES_NOT_SUPPORTED.]

[An error expected at this place for the query "insert(build(AR, i), DF)". And it failed with error code = scidb::SCIDB_SE_INFER_SCHEMA::SCIDB_LE_DATAFRAMES_NOT_SUPPORTED. Expected error code = scidb::SCIDB_SE_INFER_SCHEMA::SCIDB_LE_DATAFRAMES_NOT_SUPPORTED.]

[An error expected at this place for the query "insert(flatten(build(AR, i)), TAR)". And it failed with error code = scidb::SCIDB_SE_INFER_SCHEMA::SCIDB_LE_DATAFRAMES_NOT_SUPPORTED. Expected error code = scidb::SCIDB_SE_INFER_SCHEMA::SCIDB_LE_DATAFRAMES_NOT_SUPPORTED.]

[An error expected at this place for the query "insert(build(AR, i), TDF)". And it failed with error code = scidb::SCIDB_SE_INFER_SCHEMA::SCIDB_LE_DATAFRAMES_NOT_SUPPORTED. Expected error code = scidb::SCIDB_SE_INFER_SCHEMA::SCIDB_LE_DATAFRAMES_NOT_SUPPORTED.]

[An error expected at this place for the query "insert(DF,  TAR)". And it failed with error code = scidb::SCIDB_SE_INFER_SCHEMA::SCIDB_LE_DATAFRAMES_NOT_SUPPORTED. Expected error code = scidb::SCIDB_SE_INFER_SCHEMA::SCIDB_LE_DATAFRAMES_NOT_SUPPORTED.]

[An error expected at this place for the query "insert(DF,  AR)". And it failed with error code = scidb::SCIDB_SE_INFER_SCHEMA::SCIDB_LE_DATAFRAMES_NOT_SUPPORTED. Expected error code = scidb::SCIDB_SE_INFER_SCHEMA::SCIDB_LE_DATAFRAMES_NOT_SUPPORTED.]

[An error expected at this place for the query "insert(TDF, TAR)". And it failed with error code = scidb::SCIDB_SE_INFER_SCHEMA::SCIDB_LE_DATAFRAMES_NOT_SUPPORTED. Expected error code = scidb::SCIDB_SE_INFER_SCHEMA::SCIDB_LE_DATAFRAMES_NOT_SUPPORTED.]

[An error expected at this place for the query "insert(TDF, AR)". And it failed with error code = scidb::SCIDB_SE_INFER_SCHEMA::SCIDB_LE_DATAFRAMES_NOT_SUPPORTED. Expected error code = scidb::SCIDB_SE_INFER_SCHEMA::SCIDB_LE_DATAFRAMES_NOT_SUPPORTED.]

[An error expected at this place for the query "insert(AR,  TDF)". And it failed with error code = scidb::SCIDB_SE_INFER_SCHEMA::SCIDB_LE_DATAFRAMES_NOT_SUPPORTED. Expected error code = scidb::SCIDB_SE_INFER_SCHEMA::SCIDB_LE_DATAFRAMES_NOT_SUPPORTED.]

[An error expected at this place for the query "insert(AR,  DF)". And it failed with error code = scidb::SCIDB_SE_INFER_SCHEMA::SCIDB_LE_DATAFRAMES_NOT_SUPPORTED. Expected error code = scidb::SCIDB_SE_INFER_SCHEMA::SCIDB_LE_DATAFRAMES_NOT_SUPPORTED.]

[An error expected at this place for the query "insert(TAR, TDF)". And it failed with error code = scidb::SCIDB_SE_INFER_SCHEMA::SCIDB_LE_DATAFRAMES_NOT_SUPPORTED. Expected error code = scidb::SCIDB_SE_INFER_SCHEMA::SCIDB_LE_DATAFRAMES_NOT_SUPPORTED.]

[An error expected at this place for the query "insert(TAR, DF)". And it failed with error code = scidb::SCIDB_SE_INFER_SCHEMA::SCIDB_LE_DATAFRAMES_NOT_SUPPORTED. Expected error code = scidb::SCIDB_SE_INFER_SCHEMA::SCIDB_LE_DATAFRAMES_NOT_SUPPORTED.]

Query was executed successfully

Query was executed successfully

Query was executed successfully

Query was executed successfully

