Query was executed successfully

{i} v,w

Baseline sums.
{i} v_sum
{0} 19900

{i} w_sum
{0} 39800

Sums from input()
[Query was executed successfully, ignoring data output by this query.]

{i} v_sum
{0} 19900

{i} w_sum
{0} 39800

Query was executed successfully

{i} nschema
{0} 'DF<v:int64,w:int64> [$inst=0:-:0:1; $seq=0:*:0:1000000]'

{i} v_sum
{0} 19900

{i} w_sum
{0} 39800

No SG reloading a dataframe
No SG found

Query was executed successfully

SG found reloading an array
Found SG

Query was executed successfully

Query was executed successfully

Query was executed successfully

