Query was executed successfully

[Query was executed successfully, ignoring data output by this query.]

Query was executed successfully

[Query was executed successfully, ignoring data output by this query.]

{i} schema
{0} 'bar4_redim<val:double> [igrp=0:*:0:1; n=0:*:0:4194304]'

Query was executed successfully

Query was executed successfully

