SCIDB QUERY : <create array A <a:int32> [x=0:2,3,0]>
Query was executed successfully

SCIDB QUERY : <select * into A from build(A,x+1)>
Query was executed successfully

SCIDB QUERY : <scan(A)  -- Inserted by scan_doctor>
{x} a
{0} 1
{1} 2
{2} 3

SCIDB QUERY : <select * into Tcount from aggregate(A,count(*))>
Query was executed successfully

SCIDB QUERY : <scan(Tcount)  -- Inserted by scan_doctor>
{i} count
{0} 3

SCIDB QUERY : <_show_nodist(Tcount)>
{i} schema
{0} 'not empty Tcount<count:uint64> [i=0:0:0:1]'

SCIDB QUERY : <select count(*) into Tcount_s from A>
Query was executed successfully

SCIDB QUERY : <scan(Tcount_s)  -- Inserted by scan_doctor>
{i} count
{0} 3

SCIDB QUERY : <_show_nodist(Tcount_s)>
{i} schema
{0} 'not empty Tcount_s<count:uint64> [i=0:0:0:1]'

SCIDB QUERY : <select count(a) into Tcount_a from A>
Query was executed successfully

SCIDB QUERY : <scan(Tcount_a)  -- Inserted by scan_doctor>
{i} count
{0} 3

SCIDB QUERY : <_show_nodist(Tcount_a)>
{i} schema
{0} 'not empty Tcount_a<count:uint64> [i=0:0:0:1]'

SCIDB QUERY : <select * into Tsum from aggregate(A,sum(a))>
Query was executed successfully

SCIDB QUERY : <scan(Tsum)  -- Inserted by scan_doctor>
{i} a_sum
{0} 6

SCIDB QUERY : <_show_nodist(Tsum)>
{i} schema
{0} 'not empty Tsum<a_sum:int64> [i=0:0:0:1]'

SCIDB QUERY : <select sum(a) into Tsum_a from A>
Query was executed successfully

SCIDB QUERY : <scan(Tsum_a)  -- Inserted by scan_doctor>
{i} sum
{0} 6

SCIDB QUERY : <_show_nodist(Tsum_a)>
{i} schema
{0} 'not empty Tsum_a<sum:int64> [i=0:0:0:1]'

SCIDB QUERY : <select * into Tmax from aggregate(A,max(a))>
Query was executed successfully

SCIDB QUERY : <scan(Tmax)  -- Inserted by scan_doctor>
{i} a_max
{0} 3

SCIDB QUERY : <_show_nodist(Tmax)>
{i} schema
{0} 'not empty Tmax<a_max:int32> [i=0:0:0:1]'

SCIDB QUERY : <select max(a) into Tmax_a from A>
Query was executed successfully

SCIDB QUERY : <scan(Tmax_a)  -- Inserted by scan_doctor>
{i} max
{0} 3

SCIDB QUERY : <_show_nodist(Tmax_a)>
{i} schema
{0} 'not empty Tmax_a<max:int32> [i=0:0:0:1]'

SCIDB QUERY : <select * into Tmin from aggregate(A,min(a))>
Query was executed successfully

SCIDB QUERY : <scan(Tmin)  -- Inserted by scan_doctor>
{i} a_min
{0} 1

SCIDB QUERY : <_show_nodist(Tmin)>
{i} schema
{0} 'not empty Tmin<a_min:int32> [i=0:0:0:1]'

SCIDB QUERY : <select min(a) into Tmin_a from A>
Query was executed successfully

SCIDB QUERY : <scan(Tmin_a)  -- Inserted by scan_doctor>
{i} min
{0} 1

SCIDB QUERY : <_show_nodist(Tmin_a)>
{i} schema
{0} 'not empty Tmin_a<min:int32> [i=0:0:0:1]'

SCIDB QUERY : <select * into Tavg from aggregate(A,avg(a))>
Query was executed successfully

SCIDB QUERY : <scan(Tavg)  -- Inserted by scan_doctor>
{i} a_avg
{0} 2

SCIDB QUERY : <_show_nodist(Tavg)>
{i} schema
{0} 'not empty Tavg<a_avg:double> [i=0:0:0:1]'

SCIDB QUERY : <select avg(a) into Tavg_a from A>
Query was executed successfully

SCIDB QUERY : <scan(Tavg_a)  -- Inserted by scan_doctor>
{i} avg
{0} 2

SCIDB QUERY : <_show_nodist(Tavg_a)>
{i} schema
{0} 'not empty Tavg_a<avg:double> [i=0:0:0:1]'

SCIDB QUERY : <select * into Tvar from aggregate(A,var(a))>
Query was executed successfully

SCIDB QUERY : <scan(Tvar)  -- Inserted by scan_doctor>
{i} a_var
{0} 1

SCIDB QUERY : <_show_nodist(Tvar)>
{i} schema
{0} 'not empty Tvar<a_var:double> [i=0:0:0:1]'

SCIDB QUERY : <select var(a) into Tvar_a from A>
Query was executed successfully

SCIDB QUERY : <scan(Tvar_a)  -- Inserted by scan_doctor>
{i} var
{0} 1

SCIDB QUERY : <_show_nodist(Tvar_a)>
{i} schema
{0} 'not empty Tvar_a<var:double> [i=0:0:0:1]'

SCIDB QUERY : <select * into Tstdev from aggregate(A,stdev(a))>
Query was executed successfully

SCIDB QUERY : <scan(Tstdev)  -- Inserted by scan_doctor>
{i} a_stdev
{0} 1

SCIDB QUERY : <_show_nodist(Tstdev)>
{i} schema
{0} 'not empty Tstdev<a_stdev:double> [i=0:0:0:1]'

SCIDB QUERY : <select stdev(a) into Tstdev_a from A>
Query was executed successfully

SCIDB QUERY : <scan(Tstdev_a)  -- Inserted by scan_doctor>
{i} stdev
{0} 1

SCIDB QUERY : <_show_nodist(Tstdev_a)>
{i} schema
{0} 'not empty Tstdev_a<stdev:double> [i=0:0:0:1]'

SCIDB QUERY : <store(window(A,1,0,count(*),count(a)),Wcount)>
Query was executed successfully

SCIDB QUERY : <scan(Wcount)  -- Inserted by scan_doctor>
{x} count,a_count
{0} 1,1
{1} 2,2
{2} 2,2

SCIDB QUERY : <_show_nodist(Wcount)>
{i} schema
{0} 'Wcount<count:uint64,a_count:uint64> [x=0:2:0:3]'

SCIDB QUERY : <store(window(A,1,0,sum(a)),Wsum)>
Query was executed successfully

SCIDB QUERY : <scan(Wsum)  -- Inserted by scan_doctor>
{x} a_sum
{0} 1
{1} 3
{2} 5

SCIDB QUERY : <_show_nodist(Wsum)>
{i} schema
{0} 'Wsum<a_sum:int64> [x=0:2:0:3]'

SCIDB QUERY : <store(window(A,1,0,max(a)),Wmax)>
Query was executed successfully

SCIDB QUERY : <scan(Wmax)  -- Inserted by scan_doctor>
{x} a_max
{0} 1
{1} 2
{2} 3

SCIDB QUERY : <_show_nodist(Wmax)>
{i} schema
{0} 'Wmax<a_max:int32> [x=0:2:0:3]'

SCIDB QUERY : <store(window(A,1,0,min(a)),Wmin)>
Query was executed successfully

SCIDB QUERY : <scan(Wmin)  -- Inserted by scan_doctor>
{x} a_min
{0} 1
{1} 1
{2} 2

SCIDB QUERY : <_show_nodist(Wmin)>
{i} schema
{0} 'Wmin<a_min:int32> [x=0:2:0:3]'

SCIDB QUERY : <store(window(A,1,0,avg(a)),Wavg)>
Query was executed successfully

SCIDB QUERY : <scan(Wavg)  -- Inserted by scan_doctor>
{x} a_avg
{0} 1
{1} 1.5
{2} 2.5

SCIDB QUERY : <_show_nodist(Wavg)>
{i} schema
{0} 'Wavg<a_avg:double> [x=0:2:0:3]'

SCIDB QUERY : <store(window(A,1,0,var(a)),Wvar)>
Query was executed successfully

SCIDB QUERY : <scan(Wvar)  -- Inserted by scan_doctor>
{x} a_var
{0} null
{1} 0.5
{2} 0.5

SCIDB QUERY : <_show_nodist(Wvar)>
{i} schema
{0} 'Wvar<a_var:double> [x=0:2:0:3]'

SCIDB QUERY : <store(window(A,1,0,stdev(a)),Wstdev)>
Query was executed successfully

SCIDB QUERY : <scan(Wstdev)  -- Inserted by scan_doctor>
{x} a_stdev
{0} null
{1} 0.707107
{2} 0.707107

SCIDB QUERY : <_show_nodist(Wstdev)>
{i} schema
{0} 'Wstdev<a_stdev:double> [x=0:2:0:3]'

SCIDB QUERY : <remove(A)>
Query was executed successfully

SCIDB QUERY : <remove(Tcount)>
Query was executed successfully

SCIDB QUERY : <remove(Tcount_s)>
Query was executed successfully

SCIDB QUERY : <remove(Tcount_a)>
Query was executed successfully

SCIDB QUERY : <remove(Tsum)>
Query was executed successfully

SCIDB QUERY : <remove(Tsum_a)>
Query was executed successfully

SCIDB QUERY : <remove(Tmax)>
Query was executed successfully

SCIDB QUERY : <remove(Tmax_a)>
Query was executed successfully

SCIDB QUERY : <remove(Tmin)>
Query was executed successfully

SCIDB QUERY : <remove(Tmin_a)>
Query was executed successfully

SCIDB QUERY : <remove(Tavg)>
Query was executed successfully

SCIDB QUERY : <remove(Tavg_a)>
Query was executed successfully

SCIDB QUERY : <remove(Tvar)>
Query was executed successfully

SCIDB QUERY : <remove(Tvar_a)>
Query was executed successfully

SCIDB QUERY : <remove(Tstdev)>
Query was executed successfully

SCIDB QUERY : <remove(Tstdev_a)>
Query was executed successfully

SCIDB QUERY : <remove(Wcount)>
Query was executed successfully

SCIDB QUERY : <remove(Wsum)>
Query was executed successfully

SCIDB QUERY : <remove(Wmax)>
Query was executed successfully

SCIDB QUERY : <remove(Wmin)>
Query was executed successfully

SCIDB QUERY : <remove(Wavg)>
Query was executed successfully

SCIDB QUERY : <remove(Wvar)>
Query was executed successfully

SCIDB QUERY : <remove(Wstdev)>
Query was executed successfully

