Query was executed successfully

[An error expected at this place for the query "regrid(DF, 100, sum(v))". And it failed with error code = scidb::SCIDB_SE_INFER_SCHEMA::SCIDB_LE_DATAFRAMES_NOT_SUPPORTED. Expected error code = scidb::SCIDB_SE_INFER_SCHEMA::SCIDB_LE_DATAFRAMES_NOT_SUPPORTED.]

[An error expected at this place for the query "regrid(DF, 1, 100, sum(v))". And it failed with error code = scidb::SCIDB_SE_INFER_SCHEMA::SCIDB_LE_DATAFRAMES_NOT_SUPPORTED. Expected error code = scidb::SCIDB_SE_INFER_SCHEMA::SCIDB_LE_DATAFRAMES_NOT_SUPPORTED.]

Query was executed successfully

