SCIDB QUERY : <store(build(<val:double>[i=0:1000,100,0], iif(i%2=0,i,null)), WITH_NULLS)>
Query was executed successfully

SCIDB QUERY : <create array SUBVAL      <val:double NOT NULL>[i=0:10,2,0]>
Query was executed successfully

SCIDB QUERY : <create array SUBVAL_REPL <val:double NOT NULL>[i=0:10,2,0] distribution replicated>
Query was executed successfully

SCIDB QUERY : <store(build(SUBVAL, 99), SUBVAL)>
Query was executed successfully

SCIDB QUERY : <store(SUBVAL, SUBVAL_REPL)>
Query was executed successfully

SCIDB QUERY : <TIMEFORMAT=%3R; time (iquery -naq 'substitute(WITH_NULLS, SUBVAL)') 2>/tmp/replication99.1.txt>
Query was executed successfully

SCIDB QUERY : <TIMEFORMAT=%3R; time (iquery -naq 'substitute(WITH_NULLS, SUBVAL_REPL)') 2>/tmp/replication99.2.txt>
Query was executed successfully

SCIDB QUERY : <echo "scale=3; $(cat /tmp/replication99.1.txt) > $(cat /tmp/replication99.2.txt)" | bc>
1

SCIDB QUERY : <remove(WITH_NULLS)>
Query was executed successfully

SCIDB QUERY : <remove(SUBVAL)>
Query was executed successfully

SCIDB QUERY : <remove(SUBVAL_REPL)>
Query was executed successfully

SCIDB QUERY : <rm /tmp/replication99.1.txt /tmp/replication99.2.txt>

