SCIDB QUERY : <load_library('misc')>
Query was executed successfully

SCIDB QUERY : <create array DST_COMPRESSED<v:int64 compression 'bzlib',inj:int64>[i=0:15,1,0]>
[Query was executed successfully, ignoring data output by this query.]

SCIDB QUERY : <store(apply(build(<v : int64> [I=0:15,1,0], I), inj, injectError(0,23)), DST_COMPRESSED)>
[An error expected at this place for the query "store(apply(build(<v : int64> [I=0:15,1,0], I), inj, injectError(0,23)), DST_COMPRESSED)". And it failed with error code = scidb::SCIDB_SE_STORAGE::SCIDB_LE_CANT_ALLOCATE_MEMORY. Expected error code = scidb::SCIDB_SE_STORAGE::SCIDB_LE_CANT_ALLOCATE_MEMORY.]

SCIDB QUERY : <test_clear_cache()>
[Query was executed successfully, ignoring data output by this query.]

SCIDB QUERY : <remove(DST_COMPRESSED)>
Query was executed successfully

