SCIDB QUERY : <load_library('misc')>
Query was executed successfully

SCIDB QUERY : <store(build(<v:int64> [I=0:15,1,0], I), SRC_CHUNKS)>
[Query was executed successfully, ignoring data output by this query.]

SCIDB QUERY : <test_clear_cache()>
[Query was executed successfully, ignoring data output by this query.]

SCIDB QUERY : <apply(SRC_CHUNKS, inj, injectError(0,17))>
[An error expected at this place for the query "apply(SRC_CHUNKS, inj, injectError(0,17))". And it failed with error code = scidb::SCIDB_SE_INJECTED_ERROR::SCIDB_LE_INJECTED_ERROR. Expected error code = scidb::SCIDB_SE_INJECTED_ERROR::SCIDB_LE_INJECTED_ERROR.]

SCIDB QUERY : <test_clear_cache()>
[Query was executed successfully, ignoring data output by this query.]

SCIDB QUERY : <remove(SRC_CHUNKS)>
Query was executed successfully

