Query was executed successfully

Query was executed successfully

Query was executed successfully

Query was executed successfully

[Query was executed successfully, ignoring data output by this query.]

[Query was executed successfully, ignoring data output by this query.]

{No} chunk_interval
{0} 42

{No} chunk_interval
{0} 42

Query was executed successfully

Query was executed successfully

[Query was executed successfully, ignoring data output by this query.]

[Query was executed successfully, ignoring data output by this query.]

{No} chunk_interval
{0} 10

{No} chunk_interval
{0} 10

Query was executed successfully

Query was executed successfully

[Query was executed successfully, ignoring data output by this query.]

[Query was executed successfully, ignoring data output by this query.]

{No} chunk_interval
{0} 42

{No} chunk_interval
{0} 42

Query was executed successfully

Query was executed successfully

[Query was executed successfully, ignoring data output by this query.]

[Query was executed successfully, ignoring data output by this query.]

{No} chunk_interval
{0} 12

{No} chunk_interval
{0} 12

Query was executed successfully

Query was executed successfully

Query was executed successfully

Query was executed successfully

