SCIDB QUERY : <create array DAY_HA <daystr: string>[day=0:6,1,0] distribution hashed>
Query was executed successfully

SCIDB QUERY : <show(DAY_HA)>
{i} schema,distribution,etcomp
{0} 'DAY_HA<daystr:string> [day=0:6:0:1]','hashed','none'

SCIDB QUERY : <create array DAY_RC <daystr: string>[day=0:6,1,0] distribution row_cyclic>
Query was executed successfully

SCIDB QUERY : <show(DAY_RC)>
{i} schema,distribution,etcomp
{0} 'DAY_RC<daystr:string> [day=0:6:0:1]','row_cyclic','none'

SCIDB QUERY : <store(build(DAY_HA, 'DAY'+string(day)), DAY_HA)>
Query was executed successfully

SCIDB QUERY : <show(DAY_HA)>
{i} schema,distribution,etcomp
{0} 'DAY_HA<daystr:string> [day=0:6:0:1]','hashed','none'

SCIDB QUERY : <store(build(DAY_RC, 'DAY'+string(day)), DAY_RC)>
Query was executed successfully

SCIDB QUERY : <show(DAY_RC)>
{i} schema,distribution,etcomp
{0} 'DAY_RC<daystr:string> [day=0:6:0:1]','row_cyclic','none'

SCIDB QUERY : <store(DAY_RC, DAY_RC_COPY)>
Query was executed successfully

SCIDB QUERY : <show(DAY_RC_COPY)>
{i} schema,distribution,etcomp
{0} 'DAY_RC_COPY<daystr:string> [day=0:6:0:1]','row_cyclic','none'

SCIDB QUERY : <show('insert(DAY_HA, DAY_HA)','afl')>
{i} schema,distribution,etcomp
{0} 'DAY_HA<daystr:string> [day=0:6:0:1]','hashed',null

SCIDB QUERY : <show('insert(DAY_HA, DAY_RC)','afl')>
{i} schema,distribution,etcomp
{0} 'DAY_RC<daystr:string> [day=0:6:0:1]','row_cyclic',null

SCIDB QUERY : <show('insert(DAY_RC, DAY_HA)','afl')>
{i} schema,distribution,etcomp
{0} 'DAY_HA<daystr:string> [day=0:6:0:1]','hashed',null

SCIDB QUERY : <show('insert(DAY_RC, DAY_RC)','afl')>
{i} schema,distribution,etcomp
{0} 'DAY_RC<daystr:string> [day=0:6:0:1]','row_cyclic',null

SCIDB QUERY : <delete(DAY_HA, day=0)>
Query was executed successfully

SCIDB QUERY : <delete(DAY_RC, day=0)>
Query was executed successfully

SCIDB QUERY : <remove(DAY_HA)>
Query was executed successfully

SCIDB QUERY : <remove(DAY_RC)>
Query was executed successfully

SCIDB QUERY : <remove(DAY_RC_COPY)>
Query was executed successfully

