Internal operators only.
name,library,internal,ddl,updater
'_append_helper','scidb',true,false,false
'_broom','scidb',true,true,false
'_dskeys','scidb',true,false,false
'_explain_logical','scidb',true,false,false
'_explain_physical','scidb',true,false,false
'_fold','scidb',true,false,false
'_getopt','scidb',true,false,false
'_materialize','scidb',true,false,false
'_reduce_distro','scidb',true,false,false
'_save_old','scidb',true,false,false
'_setopt','scidb',true,false,false
'_sg','scidb',true,false,false
'_sgcount','scidb',true,false,false
'_splitarraytest','scidb',true,false,false
'_trace','scidb',true,false,false

All external operators.
name,library
'add_attributes','scidb'
'aggregate','scidb'
'apply','scidb'
'attributes','scidb'
'avg_rank','scidb'
'bernoulli','scidb'
'between','scidb'
'build','scidb'
'cancel','scidb'
'cast','scidb'
'consume','scidb'
'create_array','scidb'
'cross_between','scidb'
'cross_join','scidb'
'cumulate','scidb'
'delete','scidb'
'dimensions','scidb'
'echo','scidb'
'filter','scidb'
'flatten','scidb'
'help','scidb'
'index_lookup','scidb'
'input','scidb'
'insert','scidb'
'join','scidb'
'limit','scidb'
'list','scidb'
'load_library','scidb'
'load_module','scidb'
'lock_arrays','scidb'
'merge','scidb'
'mquery','scidb'
'project','scidb'
'quantile','scidb'
'rank','scidb'
'redimension','scidb'
'regrid','scidb'
'remove','scidb'
'remove_versions','scidb'
'rename','scidb'
'repart','scidb'
'reshape','scidb'
'save','scidb'
'scan','scidb'
'show','scidb'
'slice','scidb'
'sort','scidb'
'store','scidb'
'subarray','scidb'
'substitute','scidb'
'summarize','scidb'
'test_clear_cache','scidb'
'transpose','scidb'
'unfold','scidb'
'uniq','scidb'
'unload_library','scidb'
'unpack','scidb'
'variable_window','scidb'
'versions','scidb'
'window','scidb'
'xgrid','scidb'

All external operators, derived by filtering.
name,library
'add_attributes','scidb'
'aggregate','scidb'
'apply','scidb'
'attributes','scidb'
'avg_rank','scidb'
'bernoulli','scidb'
'between','scidb'
'build','scidb'
'cancel','scidb'
'cast','scidb'
'consume','scidb'
'create_array','scidb'
'cross_between','scidb'
'cross_join','scidb'
'cumulate','scidb'
'delete','scidb'
'dimensions','scidb'
'echo','scidb'
'filter','scidb'
'flatten','scidb'
'help','scidb'
'index_lookup','scidb'
'input','scidb'
'insert','scidb'
'join','scidb'
'limit','scidb'
'list','scidb'
'load_library','scidb'
'load_module','scidb'
'lock_arrays','scidb'
'merge','scidb'
'mquery','scidb'
'project','scidb'
'quantile','scidb'
'rank','scidb'
'redimension','scidb'
'regrid','scidb'
'remove','scidb'
'remove_versions','scidb'
'rename','scidb'
'repart','scidb'
'reshape','scidb'
'save','scidb'
'scan','scidb'
'show','scidb'
'slice','scidb'
'sort','scidb'
'store','scidb'
'subarray','scidb'
'substitute','scidb'
'summarize','scidb'
'test_clear_cache','scidb'
'transpose','scidb'
'unfold','scidb'
'uniq','scidb'
'unload_library','scidb'
'unpack','scidb'
'variable_window','scidb'
'versions','scidb'
'window','scidb'
'xgrid','scidb'

