Query was executed successfully

[Query was executed successfully, ignoring data output by this query.]

[Query was executed successfully, ignoring data output by this query.]

[Query was executed successfully, ignoring data output by this query.]

{i} schema
{0} 'XG<v:int64> [i=0:1999:0:200; j=0:399:0:40]'

{i} schema
{0} 'XG_ac<v:int64> [i=0:1999:0:256; j=0:399:0:20]'

{i,j} v,v

Query was executed successfully

Query was executed successfully

Query was executed successfully

