Query was executed successfully

Query was executed successfully

Query was executed successfully

Query was executed successfully

Query was executed successfully

Query was executed successfully

Parse 'null' if nullable, else cannot convert string 'null' to double.
SCIDB QUERY : <input(DBL_NULL, '/tmp/fud.dat', format: 'csv')>
{i} d
{0} 3.14
{1} null
{2} 6.02e+23

SCIDB QUERY : <input(DBL_NOTNULL, '/tmp/fud.dat', format: 'csv')>
[An error expected at this place for the query "input(DBL_NOTNULL, '/tmp/fud.dat', format: 'csv')". And it failed with error code = scidb::SCIDB_SE_IMPORT_ERROR::SCIDB_LE_FILE_IMPORT_FAILED. Expected error code = scidb::SCIDB_SE_IMPORT_ERROR::SCIDB_LE_FILE_IMPORT_FAILED.]

SCIDB QUERY : <input(DBL_NULL, '/tmp/fud.dat', format: 'tsv')>
{i} d
{0} 3.14
{1} null
{2} 6.02e+23

SCIDB QUERY : <input(DBL_NOTNULL, '/tmp/fud.dat', format: 'tsv')>
[An error expected at this place for the query "input(DBL_NOTNULL, '/tmp/fud.dat', format: 'tsv')". And it failed with error code = scidb::SCIDB_SE_IMPORT_ERROR::SCIDB_LE_FILE_IMPORT_FAILED. Expected error code = scidb::SCIDB_SE_IMPORT_ERROR::SCIDB_LE_FILE_IMPORT_FAILED.]

SCIDB QUERY : <input(DBL_NULL, '/tmp/fud.dat', format: 'text')>
{i} d
{0} 3.14
{1} null
{2} 6.02e+23

SCIDB QUERY : <input(DBL_NOTNULL, '/tmp/fud.dat', format: 'text')>
[An error expected at this place for the query "input(DBL_NOTNULL, '/tmp/fud.dat', format: 'text')". And it failed with error code = scidb::SCIDB_SE_IMPORT_ERROR::SCIDB_LE_FILE_IMPORT_FAILED. Expected error code = scidb::SCIDB_SE_IMPORT_ERROR::SCIDB_LE_FILE_IMPORT_FAILED.]

Parse TSV '\N' if nullable, else cannot convert string '\N' to double.
SCIDB QUERY : <input(DBL_NULL, '/tmp/fud.dat', format: 'tsv')>
{i} d
{0} 3.14
{1} null
{2} 6.02e+23

SCIDB QUERY : <input(DBL_NOTNULL, '/tmp/fud.dat', format: 'tsv')>
[An error expected at this place for the query "input(DBL_NOTNULL, '/tmp/fud.dat', format: 'tsv')". And it failed with error code = scidb::SCIDB_SE_IMPORT_ERROR::SCIDB_LE_FILE_IMPORT_FAILED. Expected error code = scidb::SCIDB_SE_IMPORT_ERROR::SCIDB_LE_FILE_IMPORT_FAILED.]

Parse '?0' if nullable, else cannot convert string '?0' to double.
SCIDB QUERY : <input(DBL_NULL, '/tmp/fud.dat', format: 'csv')>
{i} d
{0} 3.14
{1} null
{2} 6.02e+23

SCIDB QUERY : <input(DBL_NOTNULL, '/tmp/fud.dat', format: 'csv')>
[An error expected at this place for the query "input(DBL_NOTNULL, '/tmp/fud.dat', format: 'csv')". And it failed with error code = scidb::SCIDB_SE_IMPORT_ERROR::SCIDB_LE_FILE_IMPORT_FAILED. Expected error code = scidb::SCIDB_SE_IMPORT_ERROR::SCIDB_LE_FILE_IMPORT_FAILED.]

SCIDB QUERY : <input(DBL_NULL, '/tmp/fud.dat', format: 'tsv')>
{i} d
{0} 3.14
{1} null
{2} 6.02e+23

SCIDB QUERY : <input(DBL_NOTNULL, '/tmp/fud.dat', format: 'tsv')>
[An error expected at this place for the query "input(DBL_NOTNULL, '/tmp/fud.dat', format: 'tsv')". And it failed with error code = scidb::SCIDB_SE_IMPORT_ERROR::SCIDB_LE_FILE_IMPORT_FAILED. Expected error code = scidb::SCIDB_SE_IMPORT_ERROR::SCIDB_LE_FILE_IMPORT_FAILED.]

SCIDB QUERY : <input(DBL_NULL, '/tmp/fud.dat', format: 'text')>
{i} d
{0} 3.14
{1} null
{2} 6.02e+23

SCIDB QUERY : <input(DBL_NOTNULL, '/tmp/fud.dat', format: 'text')>
[An error expected at this place for the query "input(DBL_NOTNULL, '/tmp/fud.dat', format: 'text')". And it failed with error code = scidb::SCIDB_SE_IMPORT_ERROR::SCIDB_LE_FILE_IMPORT_FAILED. Expected error code = scidb::SCIDB_SE_IMPORT_ERROR::SCIDB_LE_FILE_IMPORT_FAILED.]

Parse '?42' if nullable, else cannot convert string '?42' to double.
SCIDB QUERY : <input(DBL_NULL, '/tmp/fud.dat', format: 'csv')>
{i} d
{0} 3.14
{1} ?42
{2} 6.02e+23

SCIDB QUERY : <input(DBL_NOTNULL, '/tmp/fud.dat', format: 'csv')>
[An error expected at this place for the query "input(DBL_NOTNULL, '/tmp/fud.dat', format: 'csv')". And it failed with error code = scidb::SCIDB_SE_IMPORT_ERROR::SCIDB_LE_FILE_IMPORT_FAILED. Expected error code = scidb::SCIDB_SE_IMPORT_ERROR::SCIDB_LE_FILE_IMPORT_FAILED.]

SCIDB QUERY : <input(DBL_NULL, '/tmp/fud.dat', format: 'tsv')>
{i} d
{0} 3.14
{1} ?42
{2} 6.02e+23

SCIDB QUERY : <input(DBL_NOTNULL, '/tmp/fud.dat', format: 'tsv')>
[An error expected at this place for the query "input(DBL_NOTNULL, '/tmp/fud.dat', format: 'tsv')". And it failed with error code = scidb::SCIDB_SE_IMPORT_ERROR::SCIDB_LE_FILE_IMPORT_FAILED. Expected error code = scidb::SCIDB_SE_IMPORT_ERROR::SCIDB_LE_FILE_IMPORT_FAILED.]

SCIDB QUERY : <input(DBL_NULL, '/tmp/fud.dat', format: 'text')>
{i} d
{0} 3.14
{1} ?42
{2} 6.02e+23

SCIDB QUERY : <input(DBL_NOTNULL, '/tmp/fud.dat', format: 'text')>
[An error expected at this place for the query "input(DBL_NOTNULL, '/tmp/fud.dat', format: 'text')". And it failed with error code = scidb::SCIDB_SE_IMPORT_ERROR::SCIDB_LE_FILE_IMPORT_FAILED. Expected error code = scidb::SCIDB_SE_IMPORT_ERROR::SCIDB_LE_FILE_IMPORT_FAILED.]

Everbody hates '?216', not a double and not a valid "missing reason" null.
SCIDB QUERY : <input(DBL_NULL, '/tmp/fud.dat', format: 'csv')>
[An error expected at this place for the query "input(DBL_NULL, '/tmp/fud.dat', format: 'csv')". And it failed with error code = scidb::SCIDB_SE_IMPORT_ERROR::SCIDB_LE_FILE_IMPORT_FAILED. Expected error code = scidb::SCIDB_SE_IMPORT_ERROR::SCIDB_LE_FILE_IMPORT_FAILED.]

SCIDB QUERY : <input(DBL_NOTNULL, '/tmp/fud.dat', format: 'csv')>
[An error expected at this place for the query "input(DBL_NOTNULL, '/tmp/fud.dat', format: 'csv')". And it failed with error code = scidb::SCIDB_SE_IMPORT_ERROR::SCIDB_LE_FILE_IMPORT_FAILED. Expected error code = scidb::SCIDB_SE_IMPORT_ERROR::SCIDB_LE_FILE_IMPORT_FAILED.]

SCIDB QUERY : <input(DBL_NULL, '/tmp/fud.dat', format: 'tsv')>
[An error expected at this place for the query "input(DBL_NULL, '/tmp/fud.dat', format: 'tsv')". And it failed with error code = scidb::SCIDB_SE_IMPORT_ERROR::SCIDB_LE_FILE_IMPORT_FAILED. Expected error code = scidb::SCIDB_SE_IMPORT_ERROR::SCIDB_LE_FILE_IMPORT_FAILED.]

SCIDB QUERY : <input(DBL_NOTNULL, '/tmp/fud.dat', format: 'tsv')>
[An error expected at this place for the query "input(DBL_NOTNULL, '/tmp/fud.dat', format: 'tsv')". And it failed with error code = scidb::SCIDB_SE_IMPORT_ERROR::SCIDB_LE_FILE_IMPORT_FAILED. Expected error code = scidb::SCIDB_SE_IMPORT_ERROR::SCIDB_LE_FILE_IMPORT_FAILED.]

SCIDB QUERY : <input(DBL_NULL, '/tmp/fud.dat', format: 'text')>
[An error expected at this place for the query "input(DBL_NULL, '/tmp/fud.dat', format: 'text')". And it failed with error code = scidb::SCIDB_SE_IMPORT_ERROR::SCIDB_LE_FILE_IMPORT_FAILED. Expected error code = scidb::SCIDB_SE_IMPORT_ERROR::SCIDB_LE_FILE_IMPORT_FAILED.]

SCIDB QUERY : <input(DBL_NOTNULL, '/tmp/fud.dat', format: 'text')>
[An error expected at this place for the query "input(DBL_NOTNULL, '/tmp/fud.dat', format: 'text')". And it failed with error code = scidb::SCIDB_SE_IMPORT_ERROR::SCIDB_LE_FILE_IMPORT_FAILED. Expected error code = scidb::SCIDB_SE_IMPORT_ERROR::SCIDB_LE_FILE_IMPORT_FAILED.]

Parse 'null' if nullable, else 'null' is a fine string.
SCIDB QUERY : <input(STR_NULL, '/tmp/fud.dat', format: 'csv')>
{i} s
{0} '3.14'
{1} null
{2} '6.02e23'

SCIDB QUERY : <input(STR_NOTNULL, '/tmp/fud.dat', format: 'csv')>
{i} s
{0} '3.14'
{1} 'null'
{2} '6.02e23'

SCIDB QUERY : <input(STR_NULL, '/tmp/fud.dat', format: 'tsv')>
{i} s
{0} '3.14'
{1} null
{2} '6.02e23'

SCIDB QUERY : <input(STR_NOTNULL, '/tmp/fud.dat', format: 'tsv')>
{i} s
{0} '3.14'
{1} 'null'
{2} '6.02e23'

SCIDB QUERY : <input(STR_NULL, '/tmp/fud.dat', format: 'text')>
{i} s
{0} '3.14'
{1} null
{2} '6.02e23'

SCIDB QUERY : <input(STR_NOTNULL, '/tmp/fud.dat', format: 'text')>
{i} s
{0} '3.14'
{1} 'null'
{2} '6.02e23'

Parse TSV '\N' if nullable, else '\N' is a fine string.
SCIDB QUERY : <input(STR_NULL, '/tmp/fud.dat', format: 'tsv')>
{i} s
{0} '3.14'
{1} null
{2} '6.02e23'

SCIDB QUERY : <input(STR_NOTNULL, '/tmp/fud.dat', format: 'tsv')>
{i} s
{0} '3.14'
{1} '\\N'
{2} '6.02e23'

Parse '?0' if nullable, else '?0' is a fine string.
SCIDB QUERY : <input(STR_NULL, '/tmp/fud.dat', format: 'csv')>
{i} s
{0} '3.14'
{1} null
{2} '6.02e23'

SCIDB QUERY : <input(STR_NOTNULL, '/tmp/fud.dat', format: 'csv')>
{i} s
{0} '3.14'
{1} '?0'
{2} '6.02e23'

SCIDB QUERY : <input(STR_NULL, '/tmp/fud.dat', format: 'tsv')>
{i} s
{0} '3.14'
{1} null
{2} '6.02e23'

SCIDB QUERY : <input(STR_NOTNULL, '/tmp/fud.dat', format: 'tsv')>
{i} s
{0} '3.14'
{1} '?0'
{2} '6.02e23'

SCIDB QUERY : <input(STR_NULL, '/tmp/fud.dat', format: 'text')>
{i} s
{0} '3.14'
{1} null
{2} '6.02e23'

SCIDB QUERY : <input(STR_NOTNULL, '/tmp/fud.dat', format: 'text')>
{i} s
{0} '3.14'
{1} '?0'
{2} '6.02e23'

Parse '?42' if nullable, else '?42' is a fine string.
SCIDB QUERY : <input(STR_NULL, '/tmp/fud.dat', format: 'csv')>
{i} s
{0} '3.14'
{1} ?42
{2} '6.02e23'

SCIDB QUERY : <input(STR_NOTNULL, '/tmp/fud.dat', format: 'csv')>
{i} s
{0} '3.14'
{1} '?42'
{2} '6.02e23'

SCIDB QUERY : <input(STR_NULL, '/tmp/fud.dat', format: 'tsv')>
{i} s
{0} '3.14'
{1} ?42
{2} '6.02e23'

SCIDB QUERY : <input(STR_NOTNULL, '/tmp/fud.dat', format: 'tsv')>
{i} s
{0} '3.14'
{1} '?42'
{2} '6.02e23'

SCIDB QUERY : <input(STR_NULL, '/tmp/fud.dat', format: 'text')>
{i} s
{0} '3.14'
{1} ?42
{2} '6.02e23'

SCIDB QUERY : <input(STR_NOTNULL, '/tmp/fud.dat', format: 'text')>
{i} s
{0} '3.14'
{1} '?42'
{2} '6.02e23'

Hate '?216' if nullable (bad missing reason), else it is a fine string.
SCIDB QUERY : <input(STR_NULL, '/tmp/fud.dat', format: 'csv')>
[An error expected at this place for the query "input(STR_NULL, '/tmp/fud.dat', format: 'csv')". And it failed with error code = scidb::SCIDB_SE_IMPORT_ERROR::SCIDB_LE_FILE_IMPORT_FAILED. Expected error code = scidb::SCIDB_SE_IMPORT_ERROR::SCIDB_LE_FILE_IMPORT_FAILED.]

SCIDB QUERY : <input(STR_NOTNULL, '/tmp/fud.dat', format: 'csv')>
{i} s
{0} '3.14'
{1} '?216'
{2} '6.02e23'

SCIDB QUERY : <input(STR_NULL, '/tmp/fud.dat', format: 'tsv')>
[An error expected at this place for the query "input(STR_NULL, '/tmp/fud.dat', format: 'tsv')". And it failed with error code = scidb::SCIDB_SE_IMPORT_ERROR::SCIDB_LE_FILE_IMPORT_FAILED. Expected error code = scidb::SCIDB_SE_IMPORT_ERROR::SCIDB_LE_FILE_IMPORT_FAILED.]

SCIDB QUERY : <input(STR_NOTNULL, '/tmp/fud.dat', format: 'tsv')>
{i} s
{0} '3.14'
{1} '?216'
{2} '6.02e23'

SCIDB QUERY : <input(STR_NULL, '/tmp/fud.dat', format: 'text')>
[An error expected at this place for the query "input(STR_NULL, '/tmp/fud.dat', format: 'text')". And it failed with error code = scidb::SCIDB_SE_IMPORT_ERROR::SCIDB_LE_FILE_IMPORT_FAILED. Expected error code = scidb::SCIDB_SE_IMPORT_ERROR::SCIDB_LE_FILE_IMPORT_FAILED.]

SCIDB QUERY : <input(STR_NOTNULL, '/tmp/fud.dat', format: 'text')>
{i} s
{0} '3.14'
{1} '?216'
{2} '6.02e23'

Parse 'null' if nullable, else cannot convert string 'null' to int32.
SCIDB QUERY : <input(I32_NULL, '/tmp/fud.dat', format: 'csv')>
{i} n
{0} 1789
{1} null
{2} -78

SCIDB QUERY : <input(I32_NOTNULL, '/tmp/fud.dat', format: 'csv')>
[An error expected at this place for the query "input(I32_NOTNULL, '/tmp/fud.dat', format: 'csv')". And it failed with error code = scidb::SCIDB_SE_IMPORT_ERROR::SCIDB_LE_FILE_IMPORT_FAILED. Expected error code = scidb::SCIDB_SE_IMPORT_ERROR::SCIDB_LE_FILE_IMPORT_FAILED.]

SCIDB QUERY : <input(I32_NULL, '/tmp/fud.dat', format: 'tsv')>
{i} n
{0} 1789
{1} null
{2} -78

SCIDB QUERY : <input(I32_NOTNULL, '/tmp/fud.dat', format: 'tsv')>
[An error expected at this place for the query "input(I32_NOTNULL, '/tmp/fud.dat', format: 'tsv')". And it failed with error code = scidb::SCIDB_SE_IMPORT_ERROR::SCIDB_LE_FILE_IMPORT_FAILED. Expected error code = scidb::SCIDB_SE_IMPORT_ERROR::SCIDB_LE_FILE_IMPORT_FAILED.]

SCIDB QUERY : <input(I32_NULL, '/tmp/fud.dat', format: 'text')>
{i} n
{0} 1789
{1} null
{2} -78

SCIDB QUERY : <input(I32_NOTNULL, '/tmp/fud.dat', format: 'text')>
[An error expected at this place for the query "input(I32_NOTNULL, '/tmp/fud.dat', format: 'text')". And it failed with error code = scidb::SCIDB_SE_IMPORT_ERROR::SCIDB_LE_FILE_IMPORT_FAILED. Expected error code = scidb::SCIDB_SE_IMPORT_ERROR::SCIDB_LE_FILE_IMPORT_FAILED.]

Parse TSV '\N' if nullable, else cannot convert string '\N' to int32.
SCIDB QUERY : <input(DBL_NULL, '/tmp/fud.dat', format: 'tsv')>
{i} d
{0} 1789
{1} null
{2} 6.02e+23

SCIDB QUERY : <input(DBL_NOTNULL, '/tmp/fud.dat', format: 'tsv')>
[An error expected at this place for the query "input(DBL_NOTNULL, '/tmp/fud.dat', format: 'tsv')". And it failed with error code = scidb::SCIDB_SE_IMPORT_ERROR::SCIDB_LE_FILE_IMPORT_FAILED. Expected error code = scidb::SCIDB_SE_IMPORT_ERROR::SCIDB_LE_FILE_IMPORT_FAILED.]

Parse '?0' if nullable, else cannot convert string '?0' to int32.
SCIDB QUERY : <input(I32_NULL, '/tmp/fud.dat', format: 'csv')>
{i} n
{0} 1789
{1} null
{2} -78

SCIDB QUERY : <input(I32_NOTNULL, '/tmp/fud.dat', format: 'csv')>
[An error expected at this place for the query "input(I32_NOTNULL, '/tmp/fud.dat', format: 'csv')". And it failed with error code = scidb::SCIDB_SE_IMPORT_ERROR::SCIDB_LE_FILE_IMPORT_FAILED. Expected error code = scidb::SCIDB_SE_IMPORT_ERROR::SCIDB_LE_FILE_IMPORT_FAILED.]

SCIDB QUERY : <input(I32_NULL, '/tmp/fud.dat', format: 'tsv')>
{i} n
{0} 1789
{1} null
{2} -78

SCIDB QUERY : <input(I32_NOTNULL, '/tmp/fud.dat', format: 'tsv')>
[An error expected at this place for the query "input(I32_NOTNULL, '/tmp/fud.dat', format: 'tsv')". And it failed with error code = scidb::SCIDB_SE_IMPORT_ERROR::SCIDB_LE_FILE_IMPORT_FAILED. Expected error code = scidb::SCIDB_SE_IMPORT_ERROR::SCIDB_LE_FILE_IMPORT_FAILED.]

SCIDB QUERY : <input(I32_NULL, '/tmp/fud.dat', format: 'text')>
{i} n
{0} 1789
{1} null
{2} -78

SCIDB QUERY : <input(I32_NOTNULL, '/tmp/fud.dat', format: 'text')>
[An error expected at this place for the query "input(I32_NOTNULL, '/tmp/fud.dat', format: 'text')". And it failed with error code = scidb::SCIDB_SE_IMPORT_ERROR::SCIDB_LE_FILE_IMPORT_FAILED. Expected error code = scidb::SCIDB_SE_IMPORT_ERROR::SCIDB_LE_FILE_IMPORT_FAILED.]

Parse '?42' if nullable, else cannot convert string '?42' to int32.
SCIDB QUERY : <input(I32_NULL, '/tmp/fud.dat', format: 'csv')>
{i} n
{0} 1789
{1} ?42
{2} -78

SCIDB QUERY : <input(I32_NOTNULL, '/tmp/fud.dat', format: 'csv')>
[An error expected at this place for the query "input(I32_NOTNULL, '/tmp/fud.dat', format: 'csv')". And it failed with error code = scidb::SCIDB_SE_IMPORT_ERROR::SCIDB_LE_FILE_IMPORT_FAILED. Expected error code = scidb::SCIDB_SE_IMPORT_ERROR::SCIDB_LE_FILE_IMPORT_FAILED.]

SCIDB QUERY : <input(I32_NULL, '/tmp/fud.dat', format: 'tsv')>
{i} n
{0} 1789
{1} ?42
{2} -78

SCIDB QUERY : <input(I32_NOTNULL, '/tmp/fud.dat', format: 'tsv')>
[An error expected at this place for the query "input(I32_NOTNULL, '/tmp/fud.dat', format: 'tsv')". And it failed with error code = scidb::SCIDB_SE_IMPORT_ERROR::SCIDB_LE_FILE_IMPORT_FAILED. Expected error code = scidb::SCIDB_SE_IMPORT_ERROR::SCIDB_LE_FILE_IMPORT_FAILED.]

SCIDB QUERY : <input(I32_NULL, '/tmp/fud.dat', format: 'text')>
{i} n
{0} 1789
{1} ?42
{2} -78

SCIDB QUERY : <input(I32_NOTNULL, '/tmp/fud.dat', format: 'text')>
[An error expected at this place for the query "input(I32_NOTNULL, '/tmp/fud.dat', format: 'text')". And it failed with error code = scidb::SCIDB_SE_IMPORT_ERROR::SCIDB_LE_FILE_IMPORT_FAILED. Expected error code = scidb::SCIDB_SE_IMPORT_ERROR::SCIDB_LE_FILE_IMPORT_FAILED.]

Everbody hates '?216', not a int32 and not a valid "missing reason" null.
SCIDB QUERY : <input(I32_NULL, '/tmp/fud.dat', format: 'csv')>
[An error expected at this place for the query "input(I32_NULL, '/tmp/fud.dat', format: 'csv')". And it failed with error code = scidb::SCIDB_SE_IMPORT_ERROR::SCIDB_LE_FILE_IMPORT_FAILED. Expected error code = scidb::SCIDB_SE_IMPORT_ERROR::SCIDB_LE_FILE_IMPORT_FAILED.]

SCIDB QUERY : <input(I32_NOTNULL, '/tmp/fud.dat', format: 'csv')>
[An error expected at this place for the query "input(I32_NOTNULL, '/tmp/fud.dat', format: 'csv')". And it failed with error code = scidb::SCIDB_SE_IMPORT_ERROR::SCIDB_LE_FILE_IMPORT_FAILED. Expected error code = scidb::SCIDB_SE_IMPORT_ERROR::SCIDB_LE_FILE_IMPORT_FAILED.]

SCIDB QUERY : <input(I32_NULL, '/tmp/fud.dat', format: 'tsv')>
[An error expected at this place for the query "input(I32_NULL, '/tmp/fud.dat', format: 'tsv')". And it failed with error code = scidb::SCIDB_SE_IMPORT_ERROR::SCIDB_LE_FILE_IMPORT_FAILED. Expected error code = scidb::SCIDB_SE_IMPORT_ERROR::SCIDB_LE_FILE_IMPORT_FAILED.]

SCIDB QUERY : <input(I32_NOTNULL, '/tmp/fud.dat', format: 'tsv')>
[An error expected at this place for the query "input(I32_NOTNULL, '/tmp/fud.dat', format: 'tsv')". And it failed with error code = scidb::SCIDB_SE_IMPORT_ERROR::SCIDB_LE_FILE_IMPORT_FAILED. Expected error code = scidb::SCIDB_SE_IMPORT_ERROR::SCIDB_LE_FILE_IMPORT_FAILED.]

SCIDB QUERY : <input(I32_NULL, '/tmp/fud.dat', format: 'text')>
[An error expected at this place for the query "input(I32_NULL, '/tmp/fud.dat', format: 'text')". And it failed with error code = scidb::SCIDB_SE_IMPORT_ERROR::SCIDB_LE_FILE_IMPORT_FAILED. Expected error code = scidb::SCIDB_SE_IMPORT_ERROR::SCIDB_LE_FILE_IMPORT_FAILED.]

SCIDB QUERY : <input(I32_NOTNULL, '/tmp/fud.dat', format: 'text')>
[An error expected at this place for the query "input(I32_NOTNULL, '/tmp/fud.dat', format: 'text')". And it failed with error code = scidb::SCIDB_SE_IMPORT_ERROR::SCIDB_LE_FILE_IMPORT_FAILED. Expected error code = scidb::SCIDB_SE_IMPORT_ERROR::SCIDB_LE_FILE_IMPORT_FAILED.]

Query was executed successfully

Query was executed successfully

Query was executed successfully

Query was executed successfully

Query was executed successfully

Query was executed successfully

