SCIDB QUERY : <create array cr<v:uint64>[i;j]>
Query was executed successfully

SCIDB QUERY : <store(redimension(build(<v:uint64>[i=0:9999],i),cr),cr)>
Query was executed successfully

SCIDB QUERY : <summarize(cr)>
{inst,attid} att,count,bytes,chunks,min_count,avg_count,max_count,min_bytes,avg_bytes,max_bytes
{0,0} 'all',10000,320960,20,784,1000,1024,6344,16048,24600

SCIDB QUERY : <remove(cr)>
Query was executed successfully

SCIDB QUERY : <create array cr<v:uint64>[i;j]>
Query was executed successfully

SCIDB QUERY : <store(redimension(build(<v:uint64>[i=0:9999],i),cr,cells_per_chunk:100,_collision_ratio:0.0),cr)>
Query was executed successfully

SCIDB QUERY : <summarize(cr)>
{inst,attid} att,count,bytes,chunks,min_count,avg_count,max_count,min_bytes,avg_bytes,max_bytes
{0,0} 'all',10000,89480,158,16,126.582,128,48,566.329,1096

SCIDB QUERY : <remove(cr)>
Query was executed successfully

SCIDB QUERY : <create array cr<v:uint64>[i;j]>
Query was executed successfully

SCIDB QUERY : <redimension(build(<v:uint64>[i=0:132000],i),cr,phys_chunk_size:1,_collision_ratio:2.0)>
[An error expected at this place for the query "redimension(build(<v:uint64>[i=0:132000],i),cr,phys_chunk_size:1,_collision_ratio:2.0)". And it failed with error code = scidb::SCIDB_SE_INFER_SCHEMA::SCIDB_LE_PARAMETER_OUT_OF_RANGE. Expected error code = scidb::SCIDB_SE_INFER_SCHEMA::SCIDB_LE_PARAMETER_OUT_OF_RANGE.]

SCIDB QUERY : <redimension(build(<v:uint64>[i=0:132000],i),cr,phys_chunk_size:1,_collision_ratio:-2.0)>
[An error expected at this place for the query "redimension(build(<v:uint64>[i=0:132000],i),cr,phys_chunk_size:1,_collision_ratio:-2.0)". And it failed with error code = scidb::SCIDB_SE_INFER_SCHEMA::SCIDB_LE_PARAMETER_OUT_OF_RANGE. Expected error code = scidb::SCIDB_SE_INFER_SCHEMA::SCIDB_LE_PARAMETER_OUT_OF_RANGE.]

SCIDB QUERY : <remove(cr)>
Query was executed successfully

