SCIDB QUERY : <store(apply(build(<v:int64>[i=0:9],i),w,2*(i+1)+1),ar)>
Query was executed successfully

SCIDB QUERY : <filter(ar, v=random())>
[An error expected at this place for the query "filter(ar, v=random())". And it failed with error code = scidb::SCIDB_SE_OPERATOR::SCIDB_LE_CONSTANT_EXPRESSION_EXPECTED. Expected error code = scidb::SCIDB_SE_OPERATOR::SCIDB_LE_CONSTANT_EXPRESSION_EXPECTED.]

SCIDB QUERY : <filter(ar, v=(random()%3))>
[An error expected at this place for the query "filter(ar, v=(random()%3))". And it failed with error code = scidb::SCIDB_SE_OPERATOR::SCIDB_LE_CONSTANT_EXPRESSION_EXPECTED. Expected error code = scidb::SCIDB_SE_OPERATOR::SCIDB_LE_CONSTANT_EXPRESSION_EXPECTED.]

SCIDB QUERY : <filter(ar, v>=((random()%5)+(8%5)))>
[An error expected at this place for the query "filter(ar, v>=((random()%5)+(8%5)))". And it failed with error code = scidb::SCIDB_SE_OPERATOR::SCIDB_LE_CONSTANT_EXPRESSION_EXPECTED. Expected error code = scidb::SCIDB_SE_OPERATOR::SCIDB_LE_CONSTANT_EXPRESSION_EXPECTED.]

SCIDB QUERY : <filter(ar, v>=((4%5)+(8%5)))>
{i} v,w
{7} 7,17
{8} 8,19
{9} 9,21

SCIDB QUERY : <remove(ar)>
Query was executed successfully

