SCIDB QUERY : <create array A <a:int64> [x=-2:3,2,1]>
Query was executed successfully

SCIDB QUERY : <store(build(A,x+1),A)>
Query was executed successfully

SCIDB QUERY : <scan(A)  -- Inserted by scan_doctor>
{x} a
{-2} -1
{-1} 0
{0} 1
{1} 2
{2} 3
{3} 4

SCIDB QUERY : <save(A,'a_test.txt',-1,'store')>
{x} a

SCIDB QUERY : <create array B <a:int64> [x=-2:*,2,1]>
Query was executed successfully

SCIDB QUERY : <load(B,'a_test.txt',-1,'store')>
Query was executed successfully

SCIDB QUERY : <scan(B)  -- Inserted by scan_doctor>
{x} a
{-2} -1
{-1} 0
{0} 1
{1} 2
{2} 3
{3} 4

SCIDB QUERY : <scan(B)>
{x} a
{-2} -1
{-1} 0
{0} 1
{1} 2
{2} 3
{3} 4

SCIDB QUERY : <remove(A)>
Query was executed successfully

SCIDB QUERY : <remove(B)>
Query was executed successfully

