Query was executed successfully

Query was executed successfully

Query was executed successfully

Query was executed successfully

Query was executed successfully

Query was executed successfully

Query was executed successfully

Query was executed successfully

Query was executed successfully

Query was executed successfully

Query was executed successfully

Query was executed successfully

Query was executed successfully

Query was executed successfully

datatype = bool
Query was executed successfully

{x} a

Query was executed successfully

{x} a

Query was executed successfully

{x} a
{0} false

Query was executed successfully

{x} a
{0} false

datatype = string
Query was executed successfully

{x} a

Query was executed successfully

{x} a

Query was executed successfully

{x} a
{0} 'a'
{1} 'b'

Query was executed successfully

{x} a
{0} 'a'
{1} 'b'

Query was executed successfully

{x} a
{0} '1'

Query was executed successfully

{x} a
{0} '1'

datatype = int32
Query was executed successfully

{x} a

Query was executed successfully

{x} a

Query was executed successfully

{x} a
{0} 1

Query was executed successfully

{x} a
{0} 1

datatype = int8
Query was executed successfully

{x} a

Query was executed successfully

{x} a

Query was executed successfully

{x} a
{0} 1

Query was executed successfully

{x} a
{0} 1

datatype = int16
Query was executed successfully

{x} a

Query was executed successfully

{x} a

Query was executed successfully

{x} a
{0} 1

Query was executed successfully

{x} a
{0} 1

datatype = char
Query was executed successfully

{x} a

Query was executed successfully

{x} a

Query was executed successfully

{x} a
{0} 'a'
{1} 'b'

Query was executed successfully

{x} a
{0} 'a'
{1} 'b'

datatype = datetime
Query was executed successfully

{x} a

Query was executed successfully

{x} a

Query was executed successfully

{x} a
{0} '2011-12-01 00:00:00'

Query was executed successfully

{x} a
{0} '2011-12-01 00:00:00'

Query was executed successfully

Query was executed successfully

Query was executed successfully

Query was executed successfully

Query was executed successfully

Query was executed successfully

Query was executed successfully

Query was executed successfully

Query was executed successfully

Query was executed successfully

Query was executed successfully

Query was executed successfully

Query was executed successfully

Query was executed successfully

