SCIDB QUERY : <load_library('misc')>
Query was executed successfully

SCIDB QUERY : <store(build(<v : int64> [I=0:60,1,0], I), MANY_CHUNKS)>
[Query was executed successfully, ignoring data output by this query.]

SCIDB QUERY : <apply(MANY_CHUNKS, inject_result, injectError (instanceid(), 7))>
[Query was executed successfully, ignoring data output by this query.]

SCIDB QUERY : <store(MANY_CHUNKS, MANY_CHUNKS2)>
[An error expected at this place for the query "store(MANY_CHUNKS, MANY_CHUNKS2)". And it failed.]

SCIDB QUERY : <apply(MANY_CHUNKS, inject_result, injectError (instanceid(), 7))>
[Query was executed successfully, ignoring data output by this query.]

SCIDB QUERY : <apply(MANY_CHUNKS, foo, No)>
[An error expected at this place for the query "apply(MANY_CHUNKS, foo, No)". And it failed.]

SCIDB QUERY : <apply(MANY_CHUNKS, inject_result, injectError (instanceid(), 7))>
[Query was executed successfully, ignoring data output by this query.]

SCIDB QUERY : <store(MANY_CHUNKS, MANY_CHUNKS)>
[An error expected at this place for the query "store(MANY_CHUNKS, MANY_CHUNKS)". And it failed.]

SCIDB QUERY : <project(apply(join(aggregate(filter(list('queries'), n=0),count(*)) as NQ, aggregate(list('instances'),count(*)) as NI), diff, NQ.count - NI.count), diff)>
{i} diff
{0} 0

SCIDB QUERY : <remove(MANY_CHUNKS)>
Query was executed successfully

SCIDB QUERY : <remove(MANY_CHUNKS2)>
[An error expected at this place for the query "remove(MANY_CHUNKS2)". And it failed.]

