SCIDB QUERY : <store(flatten(build(<v:int64>[i=0:9:0:10],i)),df)>
Query was executed successfully

"csv"
i,v

SCIDB QUERY : <${TESTDIR}/inspect_save_data>
0,0
1,1
2,2
3,3
4,4
5,5
6,6
7,7
8,8
9,9

"csv+"
i,v

SCIDB QUERY : <${TESTDIR}/inspect_save_data>
0,0
1,1
2,2
3,3
4,4
5,5
6,6
7,7
8,8
9,9

"dcsv"
i,v

SCIDB QUERY : <wc -l /tmp/${HPID}_df_save | cut -d" " -f1>
11

"tsv"
i,v

SCIDB QUERY : <${TESTDIR}/inspect_save_data>
0	0
1	1
2	2
3	3
4	4
5	5
6	6
7	7
8	8
9	9

"tsv+"
i,v

SCIDB QUERY : <${TESTDIR}/inspect_save_data>
0	0
1	1
2	2
3	3
4	4
5	5
6	6
7	7
8	8
9	9

SCIDB QUERY : <remove(df)>
Query was executed successfully

