SCIDB QUERY : <${TESTDIR}/create-array-test-case.sh>
Query was executed successfully
Query was executed successfully
Query was executed successfully
Query was executed successfully

SCIDB QUERY : <psql -e -d ${DB_NAME} -U ${DB_USER} -p ${DB_PORT} -h ${DB_HOST} -t -c 'select count(*) from array_version_lock'>
select count(*) from array_version_lock
     0


SCIDB QUERY : <op_count(list())>
{i} count
{0} 0

