SCIDB QUERY : <create array q<v:int64>[i=1:10:0:1]>
Query was executed successfully

SCIDB QUERY : <create array r<v:int64>[i=1:10:0:1]>
Query was executed successfully

SCIDB QUERY : <create array s<v:int64>[i=1:10:0:1]>
Query was executed successfully

SCIDB QUERY : <create array t<v:int64>[i=1:10:0:1]>
Query was executed successfully

SCIDB QUERY : <create array u<v:int64>[i=1:10:0:1]>
Query was executed successfully

SCIDB QUERY : <create array v<v:int64>[i=1:10:0:1]>
Query was executed successfully

SCIDB QUERY : <create array w<v:int64>[i=1:10:0:1]>
Query was executed successfully

SCIDB QUERY : <create array x<v:int64>[i=1:10:0:1]>
Query was executed successfully

SCIDB QUERY : <create array y<v:int64>[i=1:10:0:1]>
Query was executed successfully

SCIDB QUERY : <create array z<v:int64>[i=1:10:0:1]>
Query was executed successfully

SCIDB QUERY : <mquery( insert(build(q,2*i+1),q), insert(project(apply(q,vnew,2*v),vnew),r), insert(project(apply(r,vnew,2*v),vnew),s), insert(project(apply(s,vnew,2*v),vnew),t), insert(project(apply(t,vnew,2*v),vnew),u), insert(project(apply(u,vnew,2*v),vnew),v), insert(project(apply(v,vnew,2*v),vnew),w), insert(project(apply(w,vnew,2*v),vnew),x), insert(project(apply(x,vnew,2*v),vnew),y), insert(project(apply(y,vnew,2*v),vnew),z))>
Query was executed successfully

SCIDB QUERY : <scan(q)>
{i} v
{1} 3
{2} 5
{3} 7
{4} 9
{5} 11
{6} 13
{7} 15
{8} 17
{9} 19
{10} 21

SCIDB QUERY : <scan(r)>
{i} v
{1} 6
{2} 10
{3} 14
{4} 18
{5} 22
{6} 26
{7} 30
{8} 34
{9} 38
{10} 42

SCIDB QUERY : <scan(s)>
{i} v
{1} 12
{2} 20
{3} 28
{4} 36
{5} 44
{6} 52
{7} 60
{8} 68
{9} 76
{10} 84

SCIDB QUERY : <scan(t)>
{i} v
{1} 24
{2} 40
{3} 56
{4} 72
{5} 88
{6} 104
{7} 120
{8} 136
{9} 152
{10} 168

SCIDB QUERY : <scan(u)>
{i} v
{1} 48
{2} 80
{3} 112
{4} 144
{5} 176
{6} 208
{7} 240
{8} 272
{9} 304
{10} 336

SCIDB QUERY : <scan(v)>
{i} v
{1} 96
{2} 160
{3} 224
{4} 288
{5} 352
{6} 416
{7} 480
{8} 544
{9} 608
{10} 672

SCIDB QUERY : <scan(w)>
{i} v
{1} 192
{2} 320
{3} 448
{4} 576
{5} 704
{6} 832
{7} 960
{8} 1088
{9} 1216
{10} 1344

SCIDB QUERY : <scan(x)>
{i} v
{1} 384
{2} 640
{3} 896
{4} 1152
{5} 1408
{6} 1664
{7} 1920
{8} 2176
{9} 2432
{10} 2688

SCIDB QUERY : <scan(y)>
{i} v
{1} 768
{2} 1280
{3} 1792
{4} 2304
{5} 2816
{6} 3328
{7} 3840
{8} 4352
{9} 4864
{10} 5376

SCIDB QUERY : <scan(z)>
{i} v
{1} 1536
{2} 2560
{3} 3584
{4} 4608
{5} 5632
{6} 6656
{7} 7680
{8} 8704
{9} 9728
{10} 10752

SCIDB QUERY : <remove(q)>
Query was executed successfully

SCIDB QUERY : <remove(r)>
Query was executed successfully

SCIDB QUERY : <remove(s)>
Query was executed successfully

SCIDB QUERY : <remove(t)>
Query was executed successfully

SCIDB QUERY : <remove(u)>
Query was executed successfully

SCIDB QUERY : <remove(v)>
Query was executed successfully

SCIDB QUERY : <remove(w)>
Query was executed successfully

SCIDB QUERY : <remove(x)>
Query was executed successfully

SCIDB QUERY : <remove(y)>
Query was executed successfully

SCIDB QUERY : <remove(z)>
Query was executed successfully

