SCIDB QUERY : <store(build(<v:uint64>[i=0:9],i),dist_dflt)>
Query was executed successfully

SCIDB QUERY : <store(build(<v:uint64>[i=0:9],i),dist_dflt_fetcht,                          _fetch:true)>
{i} v
{0} 0
{1} 1
{2} 2
{3} 3
{4} 4
{5} 5
{6} 6
{7} 7
{8} 8
{9} 9

SCIDB QUERY : <store(build(<v:uint64>[i=0:9],i),dist_dflt_fetchf,                          _fetch:false)>
Query was executed successfully

SCIDB QUERY : <store(build(<v:uint64>[i=0:9],i),dist_hash,        distribution:hashed)>
Query was executed successfully

SCIDB QUERY : <store(build(<v:uint64>[i=0:9],i),dist_hash_fetchf, distribution:hashed,     _fetch:false)>
Query was executed successfully

SCIDB QUERY : <store(build(<v:uint64>[i=0:9],i),dist_hash_fetcht, distribution:hashed,     _fetch:true)>
{i} v
{0} 0
{1} 1
{2} 2
{3} 3
{4} 4
{5} 5
{6} 6
{7} 7
{8} 8
{9} 9

SCIDB QUERY : <store(build(<v:uint64>[i=0:9],i),dist_repl,        distribution:replicated)>
Query was executed successfully

SCIDB QUERY : <store(build(<v:uint64>[i=0:9],i),dist_repl_fetchf, distribution:replicated, _fetch:false)>
Query was executed successfully

SCIDB QUERY : <store(build(<v:uint64>[i=0:9],i),dist_repl_fetcht, distribution:replicated, _fetch:true)>
{i} v
{0} 0
{1} 1
{2} 2
{3} 3
{4} 4
{5} 5
{6} 6
{7} 7
{8} 8
{9} 9

SCIDB QUERY : <store(build(<v:uint64>[i=0:9],i),dist_rcyc,       distribution:row_cyclic)>
Query was executed successfully

SCIDB QUERY : <store(build(<v:uint64>[i=0:9],i),dist_rcyc_fetchf,distribution:row_cyclic, _fetch:false)>
Query was executed successfully

SCIDB QUERY : <store(build(<v:uint64>[i=0:9],i),dist_rcyc_fetcht,distribution:row_cyclic, _fetch:true)>
{i} v
{0} 0
{1} 1
{2} 2
{3} 3
{4} 4
{5} 5
{6} 6
{7} 7
{8} 8
{9} 9

SCIDB QUERY : <store(build(<v:uint64>[i=0:9;j=0:9],i),dist_ccyc,       distribution:col_cyclic)>
Query was executed successfully

SCIDB QUERY : <store(build(<v:uint64>[i=0:9;j=0:9],i),dist_ccyc_fetchf,distribution:col_cyclic, _fetch:false)>
Query was executed successfully

SCIDB QUERY : <store(build(<v:uint64>[i=0:9;j=0:9],i),dist_ccyc_fetcht,distribution:col_cyclic, _fetch:true)>
{i,j} v
{0,0} 0
{0,1} 0
{0,2} 0
{0,3} 0
{0,4} 0
{0,5} 0
{0,6} 0
{0,7} 0
{0,8} 0
{0,9} 0
{1,0} 1
{1,1} 1
{1,2} 1
{1,3} 1
{1,4} 1
{1,5} 1
{1,6} 1
{1,7} 1
{1,8} 1
{1,9} 1
{2,0} 2
{2,1} 2
{2,2} 2
{2,3} 2
{2,4} 2
{2,5} 2
{2,6} 2
{2,7} 2
{2,8} 2
{2,9} 2
{3,0} 3
{3,1} 3
{3,2} 3
{3,3} 3
{3,4} 3
{3,5} 3
{3,6} 3
{3,7} 3
{3,8} 3
{3,9} 3
{4,0} 4
{4,1} 4
{4,2} 4
{4,3} 4
{4,4} 4
{4,5} 4
{4,6} 4
{4,7} 4
{4,8} 4
{4,9} 4
{5,0} 5
{5,1} 5
{5,2} 5
{5,3} 5
{5,4} 5
{5,5} 5
{5,6} 5
{5,7} 5
{5,8} 5
{5,9} 5
{6,0} 6
{6,1} 6
{6,2} 6
{6,3} 6
{6,4} 6
{6,5} 6
{6,6} 6
{6,7} 6
{6,8} 6
{6,9} 6
{7,0} 7
{7,1} 7
{7,2} 7
{7,3} 7
{7,4} 7
{7,5} 7
{7,6} 7
{7,7} 7
{7,8} 7
{7,9} 7
{8,0} 8
{8,1} 8
{8,2} 8
{8,3} 8
{8,4} 8
{8,5} 8
{8,6} 8
{8,7} 8
{8,8} 8
{8,9} 8
{9,0} 9
{9,1} 9
{9,2} 9
{9,3} 9
{9,4} 9
{9,5} 9
{9,6} 9
{9,7} 9
{9,8} 9
{9,9} 9

SCIDB QUERY : <store(build(<v:uint64>[i=0:9],i),dist_repl,hashed)>
[An error expected at this place for the query "store(build(<v:uint64>[i=0:9],i),dist_repl,hashed)". And it failed with error code = scidb::SCIDB_SE_SYNTAX::SCIDB_LE_WRONG_OPERATOR_ARGUMENTS_COUNT. Expected error code = scidb::SCIDB_SE_SYNTAX::SCIDB_LE_WRONG_OPERATOR_ARGUMENTS_COUNT.]

Query was executed successfully

Query was executed successfully

Query was executed successfully

Query was executed successfully

Query was executed successfully

Query was executed successfully

Query was executed successfully

Query was executed successfully

Query was executed successfully

Query was executed successfully

Query was executed successfully

Query was executed successfully

Query was executed successfully

Query was executed successfully

Query was executed successfully

